✔ missing dates stay unknown; explicit zeros count toward coverage (10.193821ms)
✔ rejects invalid dates, duplicate days, missing counts, unsafe numbers and native table columns (0.539222ms)
✔ comparison requires complete, equal, compatible and nonoverlapping periods (0.406545ms)
✔ saved baselines round trip through validation with missing days preserved (0.867611ms)
✔ reload refuses derived totals, invalid rows, unknown versions and oversized files (2.113113ms)
✔ report separates observations, inference, unknowns and next steps without trusting totals (7.869013ms)
✔ single or incomplete periods report limitations and never manufacture a difference (1.622834ms)
✔ action records reject impossible dates, unsafe paths, duplicate records and oversized lists (0.686281ms)
✔ snapshot v2 preserves actions while legacy v1 loads without records (0.939528ms)
✔ reports classify self-declared actions without turning them into verified publication or causation (0.778598ms)
✔ summary prioritizes missing data before comparison and never labels sample differences as growth (1.45238ms)
✔ Pacific labels retain 23/25-hour days and UTC boundaries without splitting totals (3.305066ms)
✔ baseline before modification, followup after readback, restore/new-version cutoffs are exact instants (5.390357ms)
✔ missing days and no rows remain unknown; explicit zero is data, not indexing evidence (2.834456ms)
✔ exact source/property/page/filter/type, equal nonoverlapping periods and provenance are enforced (4.425162ms)
✔ export completion, receipt environment/binding, future data and compact persistence fail closed (3.434468ms)
✔ RC config/transport denies hosted fallback, nonloopback, expired grant and missing durable data (1.99717ms)
✔ actual HTTP boundary + browser runtime route mapping; no admin/unknown RPC/foreign Origin/foreign page access (69.875413ms)
✔ new isolated schema candidate retains native roles/RLS and exact Save/Review contracts; never inserts Auth users (2662.226154ms)
✔ deployment candidate uses fixed own bind storage, pinned images and loopback ports; not started (2.286631ms)
✔ frozen RC candidate bytes match the reviewable deployment manifest (36.49652ms)
✔ native integration is explicit test-only and shares the candidate configuration without secret interpolation into argv (86.786334ms)
✔ page daily applicability preserves explicit zero, missing dates and unverified provenance without publication authority (11.969462ms)
✔ other page, query or site aggregates cannot become page baseline, even on same origin (0.772459ms)
✔ CSV and metadata reject invalid inputs and self-granted verification fields (2.553919ms)
✔ UI reuses exact scoped read, supports historical/viewer, renders only text, and writes nothing (172.093113ms)
✔ wrong org/actor, revoked membership, source/version drift refuse page view (39.157223ms)
✔ late file or exact-version responses cannot render after edit, input, clear, close or replacement session (70.233776ms)
✔ invalid UTF-8, oversized files and parser errors clear prior results (77.737897ms)
✔ binds UTC full days to this modification/readback, not original publication; zero differs from missing/unknown (6.545404ms)
✔ wrong page/port, site scope, provenance upgrade, mixed source/type/filter and invalid temporal windows reject (2.193382ms)
✔ restored and restore-unknown cannot treat post-restore days as improvement exposure (0.780902ms)
✔ late session, detached panel and editing cannot repaint saved observations (122.978637ms)
✔ owner session scopes dashboard reads and sends mutations with the authenticated organization (6.181323ms)
✔ unverified linked site is preserved unless the owner explicitly detaches it (1.077252ms)
✔ viewer can read only their workspace, and cannot invoke owner mutations (1.441444ms)
✔ real-token diagnostic checks cross-tenant RLS and a harmless owner-only RPC (0.521335ms)
✔ diagnostic reports a leak or a validation response instead of passing (0.386856ms)
✔ workspace rejects truncated evidence rather than presenting an incomplete chain (0.516819ms)
✔ magic link request cannot create a user or redirect outside this workspace (0.510108ms)
✔ invalid callback and rejected Auth response clear the in-memory session (0.445692ms)
✔ preview publishes the exact reviewed workspace files (68.766088ms)
✔ observation reads and writes are scoped by authenticated membership; viewer and signed-out writes fail (1.662062ms)
✔ version discriminator requires all explicit metadata and fails closed on partial markers (0.936413ms)
✔ owner/viewer read one typed version with exact org/id/projection and reject mismatches or missing payload (3.707113ms)
✔ late typed read rejects after signout or replacement session even with the same token (0.545711ms)
✔ fixed Owner tenant GET: positive/negative controls, errors, identity/gates and stale session; zero POST (4.260006ms)
✔ durable snapshot retains exact records, restrictive mode and original run binding (6.289685ms)
✔ missing, truncated, corrupt and partial commit journals fail closed without repair (1.227255ms)
✔ intent commit failure prohibits POST and poisons further dispatch (66.137724ms)
✔ cold pending operation retains ID, denies stale authorization/replay/other preview, GET reconciles before without POST (86.165501ms)
✔ cold pending operation detects drift and remains unable to publish or restore (42.459248ms)
✔ checksum-valid but incomplete operation evidence also fails cold startup (24.311017ms)
✔ actual service PID replacement rechecks session, native grant and original expiration; corrupt startup stops (2295.025936ms)
✔ server gates exact Review, target, tenant/version binding and explicit page confirmation before writes (41.700931ms)
✔ unknown submission is consumed; repeated publish and new preview cannot cause a second write; only GET reconciliation (24.982786ms)
✔ changed baseline blocks publish; unknown divergent content never allows restore/new write (33.608214ms)
✔ text to WordPress content escapes markup and retains Unicode/newlines (0.179687ms)
✔ empty raw derived excerpt and explicit excerpt publish/restore preserve raw/protected with readback evidence (136.625087ms)
✔ raw/protected/explicit rendering or any preserved-field drift cannot confirm, restore or create another intent (517.169398ms)
✔ missing/malformed baseline fails before POST; automatic excerpt never bypasses target fields or HTML (45.0025ms)
✔ publication UI clears confirmation on edit and ignores a response from a replaced session (47.791648ms)
✔ restore cannot succeed if API matches but HTML does not (118.35798ms)
ℹ tests 63
ℹ suites 0
ℹ pass 63
ℹ fail 0
ℹ cancelled 0
ℹ skipped 0
ℹ todo 0
ℹ duration_ms 3776.656487
