✔ RC config/transport denies hosted fallback, nonloopback, expired grant and missing durable data (1.936038ms)
✔ actual HTTP boundary + browser runtime route mapping; no admin/unknown RPC/foreign Origin/foreign page access (65.212158ms)
✔ new isolated schema candidate retains native roles/RLS and exact Save/Review contracts; never inserts Auth users (2581.829698ms)
✔ deployment candidate uses fixed own bind storage, pinned images and loopback ports; not started (8.817631ms)
✔ frozen RC candidate bytes match the reviewable deployment manifest (46.308799ms)
✔ native integration is explicit test-only and shares the candidate configuration without secret interpolation into argv (81.119815ms)
✔ closed candidate and exact server binding fail before filesystem or network (2.442502ms)
✔ second process cannot open writer; clean new process retains exact Unicode records without grant (186.919578ms)
✔ exact backup reopens readonly; does not restore credentials or overwrite writable history (7.396497ms)
✔ crash lock, corruption, partial commit and bound drift never silently repair or reopen writable (58.338803ms)
✔ durable snapshot retains exact records, restrictive mode and original run binding (3.467476ms)
✔ missing, truncated, corrupt and partial commit journals fail closed without repair (0.801432ms)
✔ intent commit failure prohibits POST and poisons further dispatch (50.42113ms)
✔ cold pending operation retains ID, denies stale authorization/replay/other preview, GET reconciles before without POST (81.985062ms)
✔ cold pending operation detects drift and remains unable to publish or restore (29.234979ms)
✔ checksum-valid but incomplete operation evidence also fails cold startup (12.384253ms)
✔ actual service PID replacement rechecks session, native grant and original expiration; corrupt startup stops (2512.359371ms)
✔ server gates exact Review, target, tenant/version binding and explicit page confirmation before writes (78.981136ms)
✔ unknown submission is consumed; repeated publish and new preview cannot cause a second write; only GET reconciliation (33.502884ms)
✔ changed baseline blocks publish; unknown divergent content never allows restore/new write (44.049076ms)
✔ text to WordPress content escapes markup and retains Unicode/newlines (0.300356ms)
✔ empty raw derived excerpt and explicit excerpt publish/restore preserve raw/protected with readback evidence (116.947387ms)
✔ raw/protected/explicit rendering or any preserved-field drift cannot confirm, restore or create another intent (625.618189ms)
✔ missing/malformed baseline fails before POST; automatic excerpt never bypasses target fields or HTML (180.437282ms)
✔ publication UI clears confirmation on edit and ignores a response from a replaced session (65.747202ms)
✔ restore cannot succeed if API matches but HTML does not (117.779671ms)
ℹ tests 26
ℹ suites 0
ℹ pass 26
ℹ fail 0
ℹ cancelled 0
ℹ skipped 0
ℹ todo 0
ℹ duration_ms 3304.277898
